// Jest Snapshot v1, https://goo.gl/fbAQLP

exports[`Carousel - public API (props) default 1`] = `
<div>
  <div
    class="rec rec-carousel-wrapper css-x33sbs"
    overflow="visible"
  >
    <div
      class="rec rec-carousel css-1mezvkn"
      opacity="1"
      overflow="visible"
    >
      <div
        class="rec rec-arrow rec-arrow-left css-1kjr7xd"
        direction="left"
      >
        <button
          class="rec rec-arrow-button-left css-76e8uw"
          disabled=""
          name="btn-prev"
          tabindex="0"
        >
          <svg
            class="rec rec-chevron-left"
            fill="none"
            height="24"
            stroke="currentColor"
            stroke-linecap="round"
            stroke-linejoin="round"
            stroke-width="2"
            viewBox="0 0 24 24"
            width="24"
            xmlns="http://www.w3.org/2000/svg"
          >
            <path
              d="m15 18-6-6 6-6"
            />
          </svg>
        </button>
      </div>
      <div
        class="rec rec-slider-container css-2mrzk5"
      >
        <div
          class="rec rec-slider css-11ve2d9"
          style="transition: all 400ms ease; left: 0px; margin-left: -0px;"
        >
          <div
            class="rec rec-swipable"
            style="display: flex; flex-direction: row;"
          >
            <div
              class="rec rec-carousel-item rec-carousel-item-0 rec-carousel-item-visible"
              style="padding-left: 0px;"
            >
              <div
                class="rec rec-item-wrapper css-1db75p4"
                style="width: 0px;"
              >
                <div
                  class="test-child"
                  tabindex="0"
                >
                  0
                </div>
              </div>
            </div>
            <div
              class="rec rec-carousel-item rec-carousel-item-1 rec-carousel-item-hidden rec-carousel-item-next"
              style="padding-left: 0px;"
            >
              <div
                class="rec rec-item-wrapper css-1db75p4"
                style="width: 0px;"
              >
                <div
                  class="test-child"
                  tabindex="-1"
                >
                  1
                </div>
              </div>
            </div>
            <div
              class="rec rec-carousel-item rec-carousel-item-2 rec-carousel-item-hidden"
              style="padding-left: 0px;"
            >
              <div
                class="rec rec-item-wrapper css-1db75p4"
                style="width: 0px;"
              >
                <div
                  class="test-child"
                  tabindex="-1"
                >
                  2
                </div>
              </div>
            </div>
            <div
              class="rec rec-carousel-item rec-carousel-item-3 rec-carousel-item-hidden"
              style="padding-left: 0px;"
            >
              <div
                class="rec rec-item-wrapper css-1db75p4"
                style="width: 0px;"
              >
                <div
                  class="test-child"
                  tabindex="-1"
                >
                  3
                </div>
              </div>
            </div>
            <div
              class="rec rec-carousel-item rec-carousel-item-4 rec-carousel-item-hidden"
              style="padding-left: 0px;"
            >
              <div
                class="rec rec-item-wrapper css-1db75p4"
                style="width: 0px;"
              >
                <div
                  class="test-child"
                  tabindex="-1"
                >
                  4
                </div>
              </div>
            </div>
          </div>
        </div>
      </div>
      <div
        class="rec rec-arrow rec-arrow-right css-1kjr7xd"
        direction="right"
      >
        <button
          class="rec rec-arrow-button-right css-12mon0g"
          name="btn-next"
          tabindex="0"
        >
          <svg
            class="rec rec-chevron-right"
            fill="none"
            height="24"
            stroke="currentColor"
            stroke-linecap="round"
            stroke-linejoin="round"
            stroke-width="2"
            viewBox="0 0 24 24"
            width="24"
            xmlns="http://www.w3.org/2000/svg"
          >
            <path
              d="m9 18 6-6-6-6"
            />
          </svg>
        </button>
      </div>
    </div>
  </div>
</div>
`;
